
> my-app@0.0.0 build
> vite build

[36mvite v7.3.0 [32mbuilding client environment for production...[36m[39m
transforming...
[32mΓ£ô[39m 3 modules transformed.
node.exe : [31mΓ£ù[39m 
Build failed in 1.00s
At line:1 char:1
+ & "C:\Program 
Files\nodejs/node.exe" 
"C:\Program 
Files\nodejs/node_mo ...
+ ~~~~~~~~~~~~~~~~~~~~~~~
~~~~~~~~~~~~~~~~~~~~~~~~~
~~~~~~~~~~~~~~~~~~~~~
    + CategoryInfo       
       : NotSpecified:   
  ([31mΓ£ù[39m Build   
  failed in 1.00s:Str    
ing) [], RemoteExcep    
tion
    + FullyQualifiedErro 
   rId : NativeCommandE  
  rror
 
[31merror during build:
[31mCould not resolve 
"./App.tsx" from 
"src/main.jsx"[31m
file: [36mC:/Users/DELL/
Desktop/app/src/main.jsx
[31m
    at getRollupError (fi
le:///C:/Users/DELL/Deskt
op/app/node_modules/rollu
p/dist/es/shared/parseAst
.js:401:41)
    at error (file:///C:/
Users/DELL/Desktop/app/no
de_modules/rollup/dist/es
/shared/parseAst.js:397:4
2)
    at ModuleLoader.handl
eInvalidResolvedId (file:
///C:/Users/DELL/Desktop/
app/node_modules/rollup/d
ist/es/shared/node-entry.
js:21710:24)
    at file:///C:/Users/D
ELL/Desktop/app/node_modu
les/rollup/dist/es/shared
/node-entry.js:21670:26[
39m
